BL51 BANKED LINKER/LOCATER V6.22.2.0                                                    07/28/2021  01:15:53  PAGE 1


BL51 BANKED LINKER/LOCATER V6.22.2.0, INVOKED BY:
C:\KEIL_V5\C51\BIN\BL51.EXE .\Objects\main.obj, .\Objects\Media_Lib.obj TO .\Objects\Test_Thu_Vien_Media PRINT (.\Listin
>> gs\Test_Thu_Vien_Media.m51) RAMSIZE (256)


MEMORY MODEL: SMALL


INPUT MODULES INCLUDED:
  .\Objects\main.obj (MAIN)
  .\Objects\Media_Lib.obj (MEDIA_LIB)
  C:\KEIL_V5\C51\LIB\C51S.LIB (?C_STARTUP)


LINK MAP OF MODULE:  .\Objects\Test_Thu_Vien_Media (MAIN)


            TYPE    BASE      LENGTH    RELOCATION   SEGMENT NAME
            -----------------------------------------------------

            * * * * * * *   D A T A   M E M O R Y   * * * * * * *
            REG     0000H     0008H     ABSOLUTE     "REG BANK 0"
            IDATA   0008H     0001H     UNIT         ?STACK

            * * * * * * *   C O D E   M E M O R Y   * * * * * * *
            CODE    0000H     0003H     ABSOLUTE     
            CODE    0003H     0020H     UNIT         ?PR?_SLEEP_MS?MAIN
            CODE    0023H     0011H     UNIT         ?CO?MAIN
            CODE    0034H     000EH     UNIT         ?PR?MAIN?MAIN
            CODE    0042H     000CH     UNIT         ?C_C51STARTUP



OVERLAY MAP OF MODULE:   .\Objects\Test_Thu_Vien_Media (MAIN)


SEGMENT
  +--> CALLED SEGMENT
---------------------
?C_C51STARTUP
  +--> ?PR?MAIN?MAIN

?PR?MAIN?MAIN
  +--> ?CO?MAIN



UNRESOLVED EXTERNAL SYMBOLS:
   INIT_UART
   _UART_WRITE_TEXT



SYMBOL TABLE OF MODULE:  .\Objects\Test_Thu_Vien_Media (MAIN)

  VALUE           TYPE          NAME
  ----------------------------------

BL51 BANKED LINKER/LOCATER V6.22.2.0                                                  07/28/2021  01:15:53  PAGE 2


  -------         MODULE        MAIN
  C:0000H         SYMBOL        _ICE_DUMMY_
  C:0034H         PUBLIC        main
  C:0003H         PUBLIC        _Sleep_ms
  -------         PROC          _SLEEP_MS
  D:0006H         SYMBOL        t
  -------         DO            
  D:0004H         SYMBOL        i
  D:0002H         SYMBOL        j
  -------         ENDDO         
  C:0003H         LINE#         4
  C:0003H         LINE#         5
  C:0003H         LINE#         7
  C:000DH         LINE#         8
  C:000DH         LINE#         9
  C:001BH         LINE#         10
  C:0022H         LINE#         11
  -------         ENDPROC       _SLEEP_MS
  -------         PROC          MAIN
  C:0034H         LINE#         13
  C:0034H         LINE#         14
  C:0034H         LINE#         15
  C:0037H         LINE#         16
  C:0040H         LINE#         17
  C:0040H         LINE#         18
  C:0040H         LINE#         19
  -------         ENDPROC       MAIN
  -------         ENDMOD        MAIN

  -------         MODULE        MEDIA_LIB
  C:0000H         SYMBOL        _ICE_DUMMY_
  -------         ENDMOD        MEDIA_LIB

*** WARNING L16: UNCALLED SEGMENT, IGNORED FOR OVERLAY PROCESS
    SEGMENT: ?PR?_SLEEP_MS?MAIN

*** WARNING L1: UNRESOLVED EXTERNAL SYMBOL
    SYMBOL:  _UART_WRITE_TEXT
    MODULE:  .\Objects\main.obj (MAIN)

*** WARNING L1: UNRESOLVED EXTERNAL SYMBOL
    SYMBOL:  INIT_UART
    MODULE:  .\Objects\main.obj (MAIN)

*** WARNING L2: REFERENCE MADE TO UNRESOLVED EXTERNAL
    SYMBOL:  INIT_UART
    MODULE:  .\Objects\main.obj (MAIN)
    ADDRESS: 0035H

*** WARNING L2: REFERENCE MADE TO UNRESOLVED EXTERNAL
    SYMBOL:  _UART_WRITE_TEXT
    MODULE:  .\Objects\main.obj (MAIN)
    ADDRESS: 003EH

Program Size: data=9.0 xdata=0 code=78
LINK/LOCATE RUN COMPLETE.  5 WARNING(S),  0 ERROR(S)
