C51 COMPILER V9.60.0.0   MAIN                                                              08/10/2021 15:45:41 PAGE 1   


C51 COMPILER V9.60.0.0, COMPILATION OF MODULE MAIN
OBJECT MODULE PLACED IN .\Objects\main.obj
COMPILER INVOKED BY: C:\Keil_v5\C51\BIN\C51.EXE main.c OPTIMIZE(8,SPEED) BROWSE DEBUG OBJECTEXTEND PRINT(.\Listings\main
                    -.lst) TABS(2) OBJECT(.\Objects\main.obj)

line level    source

   1          #include <regx52.h>
   2          
   3          void Sleep_ms(unsigned int t)
   4          {
   5   1        unsigned int i, j;
   6   1        for(i = 0; i < t; i++)
   7   1        {
   8   2          for(j = 0; j < 123; j++);
   9   2        }
  10   1      }
  11          
  12          
  13          void Receive()
  14          {
  15   1        while(1)
  16   1        {
  17   2          unsigned char _data, i;
  18   2          while(P3_2);
  19   2          for(i = 0; i < 8; i++)
  20   2          {
  21   3            _data <<= 1;
  22   3            Sleep_ms(2);
  23   3            if(P3_2)
  24   3            {
  25   4              _data |= 0x01;
  26   4            }
  27   3            else
  28   3            {
  29   4              while(P3_2 == 0);
  30   4            }
  31   3            if(i != 7)
  32   3            {
  33   4                while(P3_2 == 1);
  34   4            }
  35   3          }
  36   2          P2 = _data;
  37   2        }
  38   1      }
  39          
  40          
  41          
  42          void main()
  43          {
  44   1        
  45   1        Receive();
  46   1        
  47   1        
  48   1      }


MODULE INFORMATION:   STATIC OVERLAYABLE
   CODE SIZE        =     94    ----
   CONSTANT SIZE    =   ----    ----
   XDATA SIZE       =   ----    ----
C51 COMPILER V9.60.0.0   MAIN                                                              08/10/2021 15:45:41 PAGE 2   

   PDATA SIZE       =   ----    ----
   DATA SIZE        =   ----       2
   IDATA SIZE       =   ----    ----
   BIT SIZE         =   ----    ----
END OF MODULE INFORMATION.


C51 COMPILATION COMPLETE.  0 WARNING(S),  0 ERROR(S)
