C51 COMPILER V9.60.0.0   LED_7_SEGMENT                                                     05/17/2021 14:28:07 PAGE 1   


C51 COMPILER V9.60.0.0, COMPILATION OF MODULE LED_7_SEGMENT
OBJECT MODULE PLACED IN .\Objects\Led_7_Segment.obj
COMPILER INVOKED BY: C:\Keil_v5\C51\BIN\C51.EXE Led_7_Segment.c OPTIMIZE(8,SPEED) BROWSE DEBUG OBJECTEXTEND PRINT(.\List
                    -ings\Led_7_Segment.lst) TABS(2) OBJECT(.\Objects\Led_7_Segment.obj)

line level    source

   1          #include "Led_7_Segment.h"
   2          
   3          
   4          
   5          void Delay(unsigned int t)
   6          {
   7   1        unsigned int a,b;
   8   1        for(a = 0; a < t; a++)
   9   1        {
  10   2          for(b = 0; b < 123; b++);
  11   2        }
  12   1      }
  13          
  14          void LED_7_SEGMENT()
  15          {
  16   1        unsigned char i,j;
  17   1        for(i = 0; i < 10; i++)
  18   1        {
  19   2          LED1= LED[i];
  20   2          for(j = 0; j < 10; j++)
  21   2          {
  22   3          LED2 = LED[j];
  23   3            Delay(1000);
  24   3          }
  25   2        }
  26   1      }


MODULE INFORMATION:   STATIC OVERLAYABLE
   CODE SIZE        =     88    ----
   CONSTANT SIZE    =     10    ----
   XDATA SIZE       =   ----    ----
   PDATA SIZE       =   ----    ----
   DATA SIZE        =   ----       1
   IDATA SIZE       =   ----    ----
   BIT SIZE         =   ----    ----
END OF MODULE INFORMATION.


C51 COMPILATION COMPLETE.  0 WARNING(S),  0 ERROR(S)
